// Jest Snapshot v1, https://goo.gl/fbAQLP

exports[`determineDockGoals creates a dock goal for each own or free planet 1`] = `
Array [
  Object {
    "action": "t 42 7 220",
    "maxShips": 3,
    "minShips": 1,
    "suitability": 0.34807975947973513,
    "value": 0.6492893218813452,
  },
  Object {
    "action": "t 42 7 206",
    "maxShips": 4,
    "minShips": 1,
    "suitability": 0.5256583509747432,
    "value": 0.7128522335788114,
  },
  Object {
    "action": "t 42 7 213",
    "maxShips": 3,
    "minShips": 1,
    "suitability": 0.7450490243203608,
    "value": 0.785857864376269,
  },
]
`;

exports[`strive docks at a dockable planet 1`] = `"d 105 42"`;

exports[`strive navigates towards a non-dockable planet 1`] = `"t 105 7 225"`;

exports[`suitability is appropriate for a distant ship 1`] = `0.25`;

exports[`suitability is appropriate for a nearby ship 1`] = `0.95`;

exports[`value is appropriate for a central planet 1`] = `0.6`;

exports[`value is appropriate for a remote planet 1`] = `0.53`;

exports[`value is high if nearby planets are already owned 1`] = `0.72`;

exports[`value is low if no nearby planets are already owned 1`] = `0.5800000000000001`;
